// Jest Snapshot v1, https://goo.gl/fbAQLP

exports[`RenderPage renders the page unchanged 1`] = `
<div>
  <div
    class="container"
  >
    <a
      class="heading"
      href="#Heading 1"
      id="Heading 1"
    >
      <h4>
        Heading 1
      </h4>
    </a>
    <a
      class="heading"
      href="#Heading 2"
      id="Heading 2"
    >
      <h5>
        Heading 2
      </h5>
    </a>
    <a
      class="heading"
      href="#Heading 3"
      id="Heading 3"
    >
      <h6>
        Heading 3
      </h6>
    </a>
    <p>
      Paragraph
    </p>
    <p>
      <b>
        bold
      </b>
    </p>
    <p>
      <i>
        italic
      </i>
    </p>
    <p>
      <u>
        Underline
      </u>
    </p>
    <p>
      <s>
        Strike
      </s>
    </p>
    <p>
      <a
        href="https://github.com/otoyo/easy-notion-blog"
      >
        link
      </a>
    </p>
    <p>
      <code>
        code
      </code>
    </p>
    <p />
    <ul>
      <li>
        Bulleted List
      </li>
      <li>
        Uni
      </li>
      <li>
        Tako
        <ul>
          <li>
            aaa
          </li>
          <li>
            bbb
          </li>
        </ul>
      </li>
    </ul>
    <p />
    <ol>
      <li>
        Numbered List
      </li>
      <li>
        Kani
      </li>
      <li>
        Ika
        <ol
          type="a"
        >
          <li>
            111
          </li>
          <li>
            222
          </li>
        </ol>
      </li>
    </ol>
    <p />
    <p>
      Divider
    </p>
    <hr
      class="divider"
    />
    <p />
    <div
      class="callout"
    >
      <div>
        ℹ️
      </div>
      <div>
        Callout
      </div>
    </div>
    <p />
    <p />
    <blockquote>
      Quote Block
    </blockquote>
    <p />
    <div
      class="table"
    >
      <table>
        <tbody>
          <tr>
            <th>
              Simple
            </th>
            <th>
              Table
            </th>
          </tr>
          <tr>
            <td>
              1
            </td>
            <td>
              Tako
            </td>
          </tr>
          <tr>
            <td>
              2
            </td>
            <td>
              Ika
            </td>
          </tr>
          <tr>
            <td>
              3
            </td>
            <td>
              Uni
            </td>
          </tr>
        </tbody>
      </table>
    </div>
    <p />
    <figure
      class="image"
    >
      <div>
        <img
          alt="画像が読み込まれない場合はページを更新してみてください。"
          src="https://s3.us-west-2.amazonaws.com/secure.notion-static.com/5d04be89-54da-482a-9391-efd465f74082/profile.png"
        />
      </div>
      <figcaption
        class="caption"
      >
        This is image caption.
      </figcaption>
    </figure>
    <figure
      class="image"
    >
      <div>
        <img
          alt="画像が読み込まれない場合はページを更新してみてください。"
          src="https://images.unsplash.com/photo-1512070679279-8988d32161be?ixlib=rb-1.2.1&q=85&fm=jpg&crop=entropy&cs=srgb"
        />
      </div>
      <figcaption
        class="caption"
      >
        External images from Unsplash
      </figcaption>
    </figure>
  </div>
</div>
`;
